20:53:15 **** Auto Build of configuration Debug for project SeniorDesignProject ****
make all 
'Building file: ../src/main.cc'
'Invoking: MicroBlaze g++ compiler'
mb-g++ -Wall -O0 -g3 -c -fmessage-length=0 -MT"src/main.o" -I../../SeniorDesignProject_bsp/microblaze_0/include -mlittle-endian -mcpu=v10.0 -mxl-soft-mul -Wl,--no-relax -ffunction-sections -fdata-sections -MMD -MP -MF"src/main.d" -MT"src/main.o" -o "src/main.o" "../src/main.cc"
'Finished building: ../src/main.cc'
' '
'Building target: SeniorDesignProject.elf'
'Invoking: MicroBlaze g++ linker'
mb-g++ -Wl,-T -Wl,../src/lscript.ld -L../../SeniorDesignProject_bsp/microblaze_0/lib -mlittle-endian -mcpu=v10.0 -mxl-soft-mul -Wl,--no-relax -Wl,--gc-sections -o "SeniorDesignProject.elf"  ./src/main.o   -Wl,--start-group,-lxil,-lgcc,-lc,-lstdc++,--end-group
'Finished building target: SeniorDesignProject.elf'
' '
'Invoking: MicroBlaze Print Size'
mb-size SeniorDesignProject.elf  |tee "SeniorDesignProject.elf.size"
   text	   data	    bss	    dec	    hex	filename
 221692	   1484	  15608	 238784	  3a4c0	SeniorDesignProject.elf
'Finished building: SeniorDesignProject.elf.size'
' '

20:53:25 Build Finished (took 10s.5ms)

